[backblue.gif]
[fade.gif]
[index.html]
[anikettheprogrammer.weebly.com/uploads/5/4/6/3/54633035/5759672.jpg]
[anikettheprogrammer.weebly.com/uploads/5/4/6/3/54633035/5743863.jpg]
[anikettheprogrammer.weebly.com/uploads/5/4/6/3/54633035/736803.jpg]
[anikettheprogrammer.weebly.com/uploads/5/4/6/3/54633035/4179143.jpg]
[anikettheprogrammer.weebly.com/uploads/5/4/6/3/54633035/8963719.jpg]
[anikettheprogrammer.weebly.com/uploads/5/4/6/3/54633035/5273206.jpg]
[cdn2.editmysite.com/css/sitesb189.css]
[cdn1.editmysite.com/editor/libraries/fancybox/fancyboxade3.css]
[anikettheprogrammer.weebly.com/files/main_style5849.css]
[cdn2.editmysite.com/images/editor/theme-background/stock/Doctor.jpg]
[ajax.googleapis.com/ajax/libs/jquery/1.8.3/jquery.min.js]
[cdn2.editmysite.com/js/site/mainb189.js]
[anikettheprogrammer.weebly.com/uploads/5/4/6/3/54633035/5759672_orig.jpg]
[anikettheprogrammer.weebly.com/uploads/5/4/6/3/54633035/5743863_orig.jpg]
[anikettheprogrammer.weebly.com/uploads/5/4/6/3/54633035/736803_orig.jpg]
[anikettheprogrammer.weebly.com/uploads/5/4/6/3/54633035/4179143_orig.jpg]
[anikettheprogrammer.weebly.com/uploads/5/4/6/3/54633035/8963719_orig.jpg]
[anikettheprogrammer.weebly.com/uploads/5/4/6/3/54633035/5273206_orig.jpg]
[cdn2.editmysite.com/js/site/footerSignupd669.js]
[pixel.quantserve.com/pixel/p-0dYLvhSGGqUWoa61a.gif]
[anikettheprogrammer.weebly.com/index.html]
[cdn2.editmysite.com/images/common/buttons/small_greyf31c.png]
[cdn2.editmysite.com/images/common/buttons/small_bluef31c.png]
[cdn2.editmysite.com/images/common/buttons/large_greyf31c.png]
[cdn2.editmysite.com/images/common/buttons/large_bluef31c.png]
[cdn2.editmysite.com/images/common/search-lightf31c.png]
[cdn2.editmysite.com/images/common/social_iconsf31c.png]
[cdn2.editmysite.com/images/common/blog/blog-comment-buttonf31c.png]
[cdn2.editmysite.com/images/common/blog/blog-comment-headerf31c.png]
[cdn2.editmysite.com/images/common/blog/blog-comment-pointerf31c.png]
[cdn2.editmysite.com/images/common/blog/blog-comment-linkf31c.png]
[cdn2.editmysite.com/images/common/blog/blog-comment-header-authorf31c.png]
[cdn2.editmysite.com/images/common/blog/blog-comment-pointer-authorf31c.png]
[cdn2.editmysite.com/images/common/blog/blog-comment-field-bgf31c.png]
[cdn2.editmysite.com/images/common/blog/dark-blog-comment-headerf31c.png]
[cdn2.editmysite.com/images/common/blog/dark-blog-comment-pointerf31c.png]
[cdn2.editmysite.com/images/common/blog/dark-blog-comment-header-authorf31c.png]
[cdn2.editmysite.com/images/common/blog/dark-blog-comment-pointer-authorf31c.png]
[cdn2.editmysite.com/images/common/blog/dark-blog-comment-linkf31c.png]
[cdn2.editmysite.com/images/util/general/blank688b.gif]
[cdn2.editmysite.com/images/common/lightbox/prevlabelf31c.gif]
[cdn2.editmysite.com/images/common/lightbox/nextlabelf31c.gif]
[cdn2.editmysite.com/sprites/util/inputs/checkmarkBox-s7868418152.png]
[cdn2.editmysite.com/sprites/util/inputs/checkmarkBox/@2x-s211a47d318.png]
[cdn2.editmysite.com/images/util/inputs/search-input-bg688b.jpg]
[cdn2.editmysite.com/images/common/magnifying-glassf31c.png]
[cdn2.editmysite.com/images/common/checkmarks/checkmark-minif31c.png]
[cdn2.editmysite.com/images/common/checkmarks/@2x/checkmark-minif31c.png]
[cdn2.editmysite.com/images/common/search-pagination-bgf31c.png]
[cdn2.editmysite.com/images/util/general/top-triangle-000688b.png]
[cdn2.editmysite.com/images/util/general/bottom-triangle-000688b.png]
[cdn2.editmysite.com/images/util/general/top-triangle-000@2x688b.png]
[cdn2.editmysite.com/images/util/general/bottom-triangle-000@2x688b.png]
[cdn2.editmysite.com/sprites/common/social-icons-sfee29aebef.png]
[cdn2.editmysite.com/sprites/common/social-icons/@2x-sec9c934402.png]
[cdn2.editmysite.com/sprites/site/mini-cart-s86c48effae.png]
[cdn2.editmysite.com/sprites/site/mini-cart/@2x-s576cbc3f90.png]
[cdn2.editmysite.com/images/loading688b.gif]
[cdn2.editmysite.com/sprites/site/mobile/commerce-sdf6d4e852c.png]
[cdn2.editmysite.com/sprites/site/mobile/commerce/@2x-s82f968c453.png]
[cdn2.editmysite.com/images/site/checkout/paypal688b.png]
[cdn2.editmysite.com/images/site/checkout/@2x/paypal688b.png]
[cdn2.editmysite.com/images/site/checkout/credit-cards688b.png]
[cdn2.editmysite.com/images/site/checkout/@2x/credit-cards688b.png]
[cdn2.editmysite.com/images/site/checkout/print688b.png]
[cdn2.editmysite.com/images/site/checkout/print@2x688b.png]
[cdn2.editmysite.com/images/vendor/select2/select2688b.png]
[cdn2.editmysite.com/images/vendor/select2/select2-spinner688b.gif]
[cdn2.editmysite.com/images/vendor/select2/select2x2688b.png]
[cdn2.editmysite.com/images/util/spinner/spinner-dark688b.png]
[cdn2.editmysite.com/images/util/spinner/spinner-light688b.png]
[cdn2.editmysite.com/images/util/loading-white-w24688b.gif]
[cdn2.editmysite.com/images/common/form_input_bgf31c.gif]
[cdn2.editmysite.com/images/blankf31c.gif]
[cdn2.editmysite.com/sprites/site/footer-s48158ed9f7.png]
[cdn2.editmysite.com/sprites/site/footer/@2x-s398696b4d5.png]
[cdn2.editmysite.com/css/sitesb189.css]
[cdn1.editmysite.com/editor/libraries/fancybox/fancybox_sprite.png]
[cdn1.editmysite.com/editor/libraries/fancybox/fancybox_loading.gif]
[cdn1.editmysite.com/editor/libraries/fancybox/blank.gif]
[cdn1.editmysite.com/editor/libraries/fancybox/fancybox_overlay.png]
[cdn1.editmysite.com/editor/libraries/fancybox/fancyboxade3.css]
[anikettheprogrammer.weebly.com/files/theme/teal_icons5849.png]
[anikettheprogrammer.weebly.com/files/theme/default_header5849.jpg]
[anikettheprogrammer.weebly.com/files/theme/splash_header5849.jpg]
[anikettheprogrammer.weebly.com/files/theme/tall_header5849.jpg]
[anikettheprogrammer.weebly.com/files/theme/short_header5849.jpg]
[anikettheprogrammer.weebly.com/files/theme/downarrow5849.png]
[anikettheprogrammer.weebly.com/files/theme/default_icons5849.png]
[anikettheprogrammer.weebly.com/files/main_style5849.css]
[www.weebly.com/images/error_arrow_left.gif]
[cdn2.editmysite.com/js/site/mainb189.js]
[cdn2.editmysite.com/js/lang/en/ftlb189.js]
[anikettheprogrammer.weebly.com/uploads/5/4/6/3/54633035/79491158b75.jpg]
[anikettheprogrammer.weebly.com/uploads/5/4/6/3/54633035/1434983582.png]
[anikettheprogrammer.weebly.com/uploads/5/4/6/3/54633035/5347860_orig.jpg]
[anikettheprogrammer.weebly.com/uploads/5/4/6/3/54633035/1795246_orig.jpg]
[anikettheprogrammer.weebly.com/uploads/5/4/6/3/54633035/8864758_orig.jpg]
[anikettheprogrammer.weebly.com/uploads/5/4/6/3/54633035/3619311_orig.jpg]
[anikettheprogrammer.weebly.com/uploads/5/4/6/3/54633035/1434984458.png]
[anikettheprogrammer.weebly.com/uploads/5/4/6/3/54633035/1434984536.png]
[anikettheprogrammer.weebly.com/uploads/5/4/6/3/54633035/8783983.jpg]
[cdn2.editmysite.com/css/sites7a69.css]
[cdn2.editmysite.com/js/site/main7a69.js]
[anikettheprogrammer.weebly.com/uploads/5/4/6/3/54633035/7949115_orig8b75.jpg]
[anikettheprogrammer.weebly.com/case-study.html]
[anikettheprogrammer.weebly.com/uploads/5/4/6/3/54633035/1434899103.png]
[anikettheprogrammer.weebly.com/uploads/5/4/6/3/54633035/_14348986166c98.png]
[anikettheprogrammer.weebly.com/about-us.html]
[anikettheprogrammer.weebly.com/contact-us.html]
[cdn2.editmysite.com/js/site/footerSignupd669.js]
[anikettheprogrammer.weebly.com/mustache.html]
[anikettheprogrammer.weebly.com/formSubmit.html]
[anikettheprogrammer.weebly.com/formSubmitAjax.html]
[anikettheprogrammer.weebly.com/o.html]
[cdn2.editmysite.com/css/sites7a69.css]
[cdn2.editmysite.com/js/site/main7a69.js]
[cdn2.editmysite.com/js/lang/en/ftl7a69.js]
